ScAI_User@DESKTOP-LT1U6R2 MINGW64 ~/Desktop/research/MI_FOR_GNNs (main)
$ ./run_model.sh
Generating training dataset...
Processing...
Processing Graphs: 100%|████████████████████████████████████████████████████████████████████████████████████████████████████████████████████████████████████████████████████████████████████████████████████████████████████████████████| 10000/10000 [11:38<00:00, 14.32it/s]
Done!
Successfully generated and loaded 10000 graphs.
Starting training loop across 313 mini-batches...
--- Epoch 1/20 ---
Epoch Loss: 1130229503.8976 | Layer mlp.weight Current Scores:
 tensor([[1.2478e+09, 4.3091e+03],
        [0.0000e+00, 0.0000e+00],
        [0.0000e+00, 0.0000e+00],
        [0.0000e+00, 0.0000e+00],
        [0.0000e+00, 0.0000e+00],
        [0.0000e+00, 0.0000e+00],
        [0.0000e+00, 0.0000e+00],
        [0.0000e+00, 0.0000e+00],
        [0.0000e+00, 0.0000e+00],
        [0.0000e+00, 0.0000e+00]])
--- Epoch 2/20 ---
Epoch Loss: 341299939.9424 | Layer mlp.weight Current Scores:
 tensor([[3.0030e+08, 5.1253e+03],
        [0.0000e+00, 0.0000e+00],
        [0.0000e+00, 0.0000e+00],
        [0.0000e+00, 0.0000e+00],
        [0.0000e+00, 0.0000e+00],
        [0.0000e+00, 0.0000e+00],
        [0.0000e+00, 0.0000e+00],
        [0.0000e+00, 0.0000e+00],
        [0.0000e+00, 0.0000e+00],
        [0.0000e+00, 0.0000e+00]])
--- Epoch 3/20 ---
Epoch Loss: 72734795.5616 | Layer mlp.weight Current Scores:
 tensor([[5.0990e+07, 2.9174e+03],
        [0.0000e+00, 0.0000e+00],
        [0.0000e+00, 0.0000e+00],
        [0.0000e+00, 0.0000e+00],
        [0.0000e+00, 0.0000e+00],
        [0.0000e+00, 0.0000e+00],
        [0.0000e+00, 0.0000e+00],
        [0.0000e+00, 0.0000e+00],
        [0.0000e+00, 0.0000e+00],
        [0.0000e+00, 0.0000e+00]])
--- Epoch 4/20 ---
Epoch Loss: 9988805.5772 | Layer mlp.weight Current Scores:
 tensor([[4.7350e+06, 9.7425e+02],
        [0.0000e+00, 0.0000e+00],
        [0.0000e+00, 0.0000e+00],
        [0.0000e+00, 0.0000e+00],
        [0.0000e+00, 0.0000e+00],
        [0.0000e+00, 0.0000e+00],
        [0.0000e+00, 0.0000e+00],
        [0.0000e+00, 0.0000e+00],
        [0.0000e+00, 0.0000e+00],
        [0.0000e+00, 0.0000e+00]])
--- Epoch 5/20 ---
Epoch Loss: 816480.8895 | Layer mlp.weight Current Scores:
 tensor([[2.4891e+05, 2.3042e+02],
        [0.0000e+00, 0.0000e+00],
        [0.0000e+00, 0.0000e+00],
        [0.0000e+00, 0.0000e+00],
        [0.0000e+00, 0.0000e+00],
        [0.0000e+00, 0.0000e+00],
        [0.0000e+00, 0.0000e+00],
        [0.0000e+00, 0.0000e+00],
        [0.0000e+00, 0.0000e+00],
        [0.0000e+00, 0.0000e+00]])
--- Epoch 6/20 ---
Epoch Loss: 36861.4563 | Layer mlp.weight Current Scores:
 tensor([[7080.3110,   41.4663],
        [   0.0000,    0.0000],
        [   0.0000,    0.0000],
        [   0.0000,    0.0000],
        [   0.0000,    0.0000],
        [   0.0000,    0.0000],
        [   0.0000,    0.0000],
        [   0.0000,    0.0000],
        [   0.0000,    0.0000],
        [   0.0000,    0.0000]])
--- Epoch 7/20 ---
Epoch Loss: 845.5031 | Layer mlp.weight Current Scores:
 tensor([[73.6073,  5.5036],
        [ 0.0000,  0.0000],
        [ 0.0000,  0.0000],
        [ 0.0000,  0.0000],
        [ 0.0000,  0.0000],
        [ 0.0000,  0.0000],
        [ 0.0000,  0.0000],
        [ 0.0000,  0.0000],
        [ 0.0000,  0.0000],
        [ 0.0000,  0.0000]])
--- Epoch 8/20 ---
Epoch Loss: 10.8480 | Layer mlp.weight Current Scores:
 tensor([[0.6047, 1.4257],
        [0.0000, 0.0000],
        [0.0000, 0.0000],
        [0.0000, 0.0000],
        [0.0000, 0.0000],
        [0.0000, 0.0000],
        [0.0000, 0.0000],
        [0.0000, 0.0000],
        [0.0000, 0.0000],
        [0.0000, 0.0000]])
--- Epoch 9/20 ---
Epoch Loss: 2.1071 | Layer mlp.weight Current Scores:
 tensor([[0.0524, 1.0855],
        [0.0000, 0.0000],
        [0.0000, 0.0000],
        [0.0000, 0.0000],
        [0.0000, 0.0000],
        [0.0000, 0.0000],
        [0.0000, 0.0000],
        [0.0000, 0.0000],
        [0.0000, 0.0000],
        [0.0000, 0.0000]])
--- Epoch 10/20 ---
Epoch Loss: 2.0705 | Layer mlp.weight Current Scores:
 tensor([[0.0107, 1.0660],
        [0.0000, 0.0000],
        [0.0000, 0.0000],
        [0.0000, 0.0000],
        [0.0000, 0.0000],
        [0.0000, 0.0000],
        [0.0000, 0.0000],
        [0.0000, 0.0000],
        [0.0000, 0.0000],
        [0.0000, 0.0000]])
--- Epoch 11/20 ---
Epoch Loss: 2.0699 | Layer mlp.weight Current Scores:
 tensor([[0.0162, 1.0857],
        [0.0000, 0.0000],
        [0.0000, 0.0000],
        [0.0000, 0.0000],
        [0.0000, 0.0000],
        [0.0000, 0.0000],
        [0.0000, 0.0000],
        [0.0000, 0.0000],
        [0.0000, 0.0000],
        [0.0000, 0.0000]])
--- Epoch 12/20 ---
Epoch Loss: 2.0695 | Layer mlp.weight Current Scores:
 tensor([[0.0452, 1.0632],
        [0.0000, 0.0000],
        [0.0000, 0.0000],
        [0.0000, 0.0000],
        [0.0000, 0.0000],
        [0.0000, 0.0000],
        [0.0000, 0.0000],
        [0.0000, 0.0000],
        [0.0000, 0.0000],
        [0.0000, 0.0000]])
--- Epoch 13/20 ---
Epoch Loss: 2.0690 | Layer mlp.weight Current Scores:
 tensor([[0.0119, 1.0418],
        [0.0000, 0.0000],
        [0.0000, 0.0000],
        [0.0000, 0.0000],
        [0.0000, 0.0000],
        [0.0000, 0.0000],
        [0.0000, 0.0000],
        [0.0000, 0.0000],
        [0.0000, 0.0000],
        [0.0000, 0.0000]])
--- Epoch 14/20 ---
Epoch Loss: 2.0684 | Layer mlp.weight Current Scores:
 tensor([[0.0102, 1.0285],
        [0.0000, 0.0000],
        [0.0000, 0.0000],
        [0.0000, 0.0000],
        [0.0000, 0.0000],
        [0.0000, 0.0000],
        [0.0000, 0.0000],
        [0.0000, 0.0000],
        [0.0000, 0.0000],
        [0.0000, 0.0000]])
--- Epoch 15/20 ---
Epoch Loss: 2.0676 | Layer mlp.weight Current Scores:
 tensor([[0.0052, 1.0707],
        [0.0000, 0.0000],
        [0.0000, 0.0000],
        [0.0000, 0.0000],
        [0.0000, 0.0000],
        [0.0000, 0.0000],
        [0.0000, 0.0000],
        [0.0000, 0.0000],
        [0.0000, 0.0000],
        [0.0000, 0.0000]])
--- Epoch 16/20 ---
Epoch Loss: 2.0668 | Layer mlp.weight Current Scores:
 tensor([[0.0462, 1.0274],
        [0.0000, 0.0000],
        [0.0000, 0.0000],
        [0.0000, 0.0000],
        [0.0000, 0.0000],
        [0.0000, 0.0000],
        [0.0000, 0.0000],
        [0.0000, 0.0000],
        [0.0000, 0.0000],
        [0.0000, 0.0000]])
--- Epoch 17/20 ---
Epoch Loss: 2.0659 | Layer mlp.weight Current Scores:
 tensor([[0.0683, 0.9906],
        [0.0000, 0.0000],
        [0.0000, 0.0000],
        [0.0000, 0.0000],
        [0.0000, 0.0000],
        [0.0000, 0.0000],
        [0.0000, 0.0000],
        [0.0000, 0.0000],
        [0.0000, 0.0000],
        [0.0000, 0.0000]])
--- Epoch 18/20 ---
Epoch Loss: 2.0647 | Layer mlp.weight Current Scores:
 tensor([[0.0534, 1.0244],
        [0.0000, 0.0000],
        [0.0000, 0.0000],
        [0.0000, 0.0000],
        [0.0000, 0.0000],
        [0.0000, 0.0000],
        [0.0000, 0.0000],
        [0.0000, 0.0000],
        [0.0000, 0.0000],
        [0.0000, 0.0000]])
--- Epoch 19/20 ---
Epoch Loss: 2.0635 | Layer mlp.weight Current Scores:
 tensor([[0.0074, 1.0508],
        [0.0000, 0.0000],
        [0.0000, 0.0000],
        [0.0000, 0.0000],
        [0.0000, 0.0000],
        [0.0000, 0.0000],
        [0.0000, 0.0000],
        [0.0000, 0.0000],
        [0.0000, 0.0000],
        [0.0000, 0.0000]])
--- Epoch 20/20 ---
Epoch Loss: 2.0618 | Layer mlp.weight Current Scores:
 tensor([[0.0606, 1.1252],
        [0.0000, 0.0000],
        [0.0000, 0.0000],
        [0.0000, 0.0000],
        [0.0000, 0.0000],
        [0.0000, 0.0000],
        [0.0000, 0.0000],
        [0.0000, 0.0000],
        [0.0000, 0.0000],
        [0.0000, 0.0000]])

--- Initiating Mechanistic Evaluation ---
--- Circuit Discovery Complete (K=2) ---
Identified 2 critical parameters out of 20.
Isolated Circuit Loss (FID-): 2.001557
